Archive member included to satisfy reference by file (symbol)

E:\Users\Victor\Documents\Arduino\DMPLabs\Lab06\CustomStringAsm\CustomStringAsm\ArduinoCore\Debug\libArduinoCore.a(main.o)
                              E:/Program Files (x86)/Atmel/Studio/7.0/Packs/atmel/ATmega_DFP/1.3.300/gcc/dev/atmega2560/avr6/crtatmega2560.o (main)
E:\Users\Victor\Documents\Arduino\DMPLabs\Lab06\CustomStringAsm\CustomStringAsm\ArduinoCore\Debug\libArduinoCore.a(wiring.o)
                              Sketch.o (delay)
E:\Users\Victor\Documents\Arduino\DMPLabs\Lab06\CustomStringAsm\CustomStringAsm\ArduinoCore\Debug\libArduinoCore.a(hooks.o)
                              E:\Users\Victor\Documents\Arduino\DMPLabs\Lab06\CustomStringAsm\CustomStringAsm\ArduinoCore\Debug\libArduinoCore.a(wiring.o) (yield)
e:/program files (x86)/atmel/studio/7.0/toolchain/avr8/avr8-gnu-toolchain/bin/../lib/gcc/avr/5.4.0/avr6\libgcc.a(_exit.o)
                              E:/Program Files (x86)/Atmel/Studio/7.0/Packs/atmel/ATmega_DFP/1.3.300/gcc/dev/atmega2560/avr6/crtatmega2560.o (exit)
e:/program files (x86)/atmel/studio/7.0/toolchain/avr8/avr8-gnu-toolchain/bin/../lib/gcc/avr/5.4.0/avr6\libgcc.a(_copy_data.o)
                              Sketch.o (__do_copy_data)
e:/program files (x86)/atmel/studio/7.0/toolchain/avr8/avr8-gnu-toolchain/bin/../lib/gcc/avr/5.4.0/avr6\libgcc.a(_clear_bss.o)
                              E:\Users\Victor\Documents\Arduino\DMPLabs\Lab06\CustomStringAsm\CustomStringAsm\ArduinoCore\Debug\libArduinoCore.a(wiring.o) (__do_clear_bss)

Discarded input sections

 .data          0x00000000        0x0 E:/Program Files (x86)/Atmel/Studio/7.0/Packs/atmel/ATmega_DFP/1.3.300/gcc/dev/atmega2560/avr6/crtatmega2560.o
 .bss           0x00000000        0x0 E:/Program Files (x86)/Atmel/Studio/7.0/Packs/atmel/ATmega_DFP/1.3.300/gcc/dev/atmega2560/avr6/crtatmega2560.o
 .data          0x00000000        0x0 asm_functions.o
 .bss           0x00000000        0x0 asm_functions.o
 .text          0x00000000        0x0 Sketch.o
 .data          0x00000000        0x0 Sketch.o
 .bss           0x00000000        0x0 Sketch.o
 .text          0x00000000        0x0 E:\Users\Victor\Documents\Arduino\DMPLabs\Lab06\CustomStringAsm\CustomStringAsm\ArduinoCore\Debug\libArduinoCore.a(main.o)
 .data          0x00000000        0x0 E:\Users\Victor\Documents\Arduino\DMPLabs\Lab06\CustomStringAsm\CustomStringAsm\ArduinoCore\Debug\libArduinoCore.a(main.o)
 .bss           0x00000000        0x0 E:\Users\Victor\Documents\Arduino\DMPLabs\Lab06\CustomStringAsm\CustomStringAsm\ArduinoCore\Debug\libArduinoCore.a(main.o)
 .text.atexit   0x00000000        0x6 E:\Users\Victor\Documents\Arduino\DMPLabs\Lab06\CustomStringAsm\CustomStringAsm\ArduinoCore\Debug\libArduinoCore.a(main.o)
 .text._Z8setupUSBv
                0x00000000        0x2 E:\Users\Victor\Documents\Arduino\DMPLabs\Lab06\CustomStringAsm\CustomStringAsm\ArduinoCore\Debug\libArduinoCore.a(main.o)
 .text          0x00000000        0x0 E:\Users\Victor\Documents\Arduino\DMPLabs\Lab06\CustomStringAsm\CustomStringAsm\ArduinoCore\Debug\libArduinoCore.a(wiring.o)
 .data          0x00000000        0x0 E:\Users\Victor\Documents\Arduino\DMPLabs\Lab06\CustomStringAsm\CustomStringAsm\ArduinoCore\Debug\libArduinoCore.a(wiring.o)
 .bss           0x00000000        0x0 E:\Users\Victor\Documents\Arduino\DMPLabs\Lab06\CustomStringAsm\CustomStringAsm\ArduinoCore\Debug\libArduinoCore.a(wiring.o)
 .text.millis   0x00000000       0x18 E:\Users\Victor\Documents\Arduino\DMPLabs\Lab06\CustomStringAsm\CustomStringAsm\ArduinoCore\Debug\libArduinoCore.a(wiring.o)
 .text.delayMicroseconds
                0x00000000       0x16 E:\Users\Victor\Documents\Arduino\DMPLabs\Lab06\CustomStringAsm\CustomStringAsm\ArduinoCore\Debug\libArduinoCore.a(wiring.o)
 .text          0x00000000        0x0 E:\Users\Victor\Documents\Arduino\DMPLabs\Lab06\CustomStringAsm\CustomStringAsm\ArduinoCore\Debug\libArduinoCore.a(hooks.o)
 .data          0x00000000        0x0 E:\Users\Victor\Documents\Arduino\DMPLabs\Lab06\CustomStringAsm\CustomStringAsm\ArduinoCore\Debug\libArduinoCore.a(hooks.o)
 .bss           0x00000000        0x0 E:\Users\Victor\Documents\Arduino\DMPLabs\Lab06\CustomStringAsm\CustomStringAsm\ArduinoCore\Debug\libArduinoCore.a(hooks.o)
 .text          0x00000000        0x0 e:/program files (x86)/atmel/studio/7.0/toolchain/avr8/avr8-gnu-toolchain/bin/../lib/gcc/avr/5.4.0/avr6\libgcc.a(_exit.o)
 .data          0x00000000        0x0 e:/program files (x86)/atmel/studio/7.0/toolchain/avr8/avr8-gnu-toolchain/bin/../lib/gcc/avr/5.4.0/avr6\libgcc.a(_exit.o)
 .bss           0x00000000        0x0 e:/program files (x86)/atmel/studio/7.0/toolchain/avr8/avr8-gnu-toolchain/bin/../lib/gcc/avr/5.4.0/avr6\libgcc.a(_exit.o)
 .text.libgcc.mul
                0x00000000        0x0 e:/program files (x86)/atmel/studio/7.0/toolchain/avr8/avr8-gnu-toolchain/bin/../lib/gcc/avr/5.4.0/avr6\libgcc.a(_exit.o)
 .text.libgcc.div
                0x00000000        0x0 e:/program files (x86)/atmel/studio/7.0/toolchain/avr8/avr8-gnu-toolchain/bin/../lib/gcc/avr/5.4.0/avr6\libgcc.a(_exit.o)
 .text.libgcc   0x00000000        0x0 e:/program files (x86)/atmel/studio/7.0/toolchain/avr8/avr8-gnu-toolchain/bin/../lib/gcc/avr/5.4.0/avr6\libgcc.a(_exit.o)
 .text.libgcc.prologue
                0x00000000        0x0 e:/program files (x86)/atmel/studio/7.0/toolchain/avr8/avr8-gnu-toolchain/bin/../lib/gcc/avr/5.4.0/avr6\libgcc.a(_exit.o)
 .text.libgcc.builtins
                0x00000000        0x0 e:/program files (x86)/atmel/studio/7.0/toolchain/avr8/avr8-gnu-toolchain/bin/../lib/gcc/avr/5.4.0/avr6\libgcc.a(_exit.o)
 .text.libgcc.fmul
                0x00000000        0x0 e:/program files (x86)/atmel/studio/7.0/toolchain/avr8/avr8-gnu-toolchain/bin/../lib/gcc/avr/5.4.0/avr6\libgcc.a(_exit.o)
 .text.libgcc.fixed
                0x00000000        0x0 e:/program files (x86)/atmel/studio/7.0/toolchain/avr8/avr8-gnu-toolchain/bin/../lib/gcc/avr/5.4.0/avr6\libgcc.a(_exit.o)
 .text          0x00000000        0x0 e:/program files (x86)/atmel/studio/7.0/toolchain/avr8/avr8-gnu-toolchain/bin/../lib/gcc/avr/5.4.0/avr6\libgcc.a(_copy_data.o)
 .data          0x00000000        0x0 e:/program files (x86)/atmel/studio/7.0/toolchain/avr8/avr8-gnu-toolchain/bin/../lib/gcc/avr/5.4.0/avr6\libgcc.a(_copy_data.o)
 .bss           0x00000000        0x0 e:/program files (x86)/atmel/studio/7.0/toolchain/avr8/avr8-gnu-toolchain/bin/../lib/gcc/avr/5.4.0/avr6\libgcc.a(_copy_data.o)
 .text.libgcc.mul
                0x00000000        0x0 e:/program files (x86)/atmel/studio/7.0/toolchain/avr8/avr8-gnu-toolchain/bin/../lib/gcc/avr/5.4.0/avr6\libgcc.a(_copy_data.o)
 .text.libgcc.div
                0x00000000        0x0 e:/program files (x86)/atmel/studio/7.0/toolchain/avr8/avr8-gnu-toolchain/bin/../lib/gcc/avr/5.4.0/avr6\libgcc.a(_copy_data.o)
 .text.libgcc   0x00000000        0x0 e:/program files (x86)/atmel/studio/7.0/toolchain/avr8/avr8-gnu-toolchain/bin/../lib/gcc/avr/5.4.0/avr6\libgcc.a(_copy_data.o)
 .text.libgcc.prologue
                0x00000000        0x0 e:/program files (x86)/atmel/studio/7.0/toolchain/avr8/avr8-gnu-toolchain/bin/../lib/gcc/avr/5.4.0/avr6\libgcc.a(_copy_data.o)
 .text.libgcc.builtins
                0x00000000        0x0 e:/program files (x86)/atmel/studio/7.0/toolchain/avr8/avr8-gnu-toolchain/bin/../lib/gcc/avr/5.4.0/avr6\libgcc.a(_copy_data.o)
 .text.libgcc.fmul
                0x00000000        0x0 e:/program files (x86)/atmel/studio/7.0/toolchain/avr8/avr8-gnu-toolchain/bin/../lib/gcc/avr/5.4.0/avr6\libgcc.a(_copy_data.o)
 .text.libgcc.fixed
                0x00000000        0x0 e:/program files (x86)/atmel/studio/7.0/toolchain/avr8/avr8-gnu-toolchain/bin/../lib/gcc/avr/5.4.0/avr6\libgcc.a(_copy_data.o)
 .text          0x00000000        0x0 e:/program files (x86)/atmel/studio/7.0/toolchain/avr8/avr8-gnu-toolchain/bin/../lib/gcc/avr/5.4.0/avr6\libgcc.a(_clear_bss.o)
 .data          0x00000000        0x0 e:/program files (x86)/atmel/studio/7.0/toolchain/avr8/avr8-gnu-toolchain/bin/../lib/gcc/avr/5.4.0/avr6\libgcc.a(_clear_bss.o)
 .bss           0x00000000        0x0 e:/program files (x86)/atmel/studio/7.0/toolchain/avr8/avr8-gnu-toolchain/bin/../lib/gcc/avr/5.4.0/avr6\libgcc.a(_clear_bss.o)
 .text.libgcc.mul
                0x00000000        0x0 e:/program files (x86)/atmel/studio/7.0/toolchain/avr8/avr8-gnu-toolchain/bin/../lib/gcc/avr/5.4.0/avr6\libgcc.a(_clear_bss.o)
 .text.libgcc.div
                0x00000000        0x0 e:/program files (x86)/atmel/studio/7.0/toolchain/avr8/avr8-gnu-toolchain/bin/../lib/gcc/avr/5.4.0/avr6\libgcc.a(_clear_bss.o)
 .text.libgcc   0x00000000        0x0 e:/program files (x86)/atmel/studio/7.0/toolchain/avr8/avr8-gnu-toolchain/bin/../lib/gcc/avr/5.4.0/avr6\libgcc.a(_clear_bss.o)
 .text.libgcc.prologue
                0x00000000        0x0 e:/program files (x86)/atmel/studio/7.0/toolchain/avr8/avr8-gnu-toolchain/bin/../lib/gcc/avr/5.4.0/avr6\libgcc.a(_clear_bss.o)
 .text.libgcc.builtins
                0x00000000        0x0 e:/program files (x86)/atmel/studio/7.0/toolchain/avr8/avr8-gnu-toolchain/bin/../lib/gcc/avr/5.4.0/avr6\libgcc.a(_clear_bss.o)
 .text.libgcc.fmul
                0x00000000        0x0 e:/program files (x86)/atmel/studio/7.0/toolchain/avr8/avr8-gnu-toolchain/bin/../lib/gcc/avr/5.4.0/avr6\libgcc.a(_clear_bss.o)
 .text.libgcc.fixed
                0x00000000        0x0 e:/program files (x86)/atmel/studio/7.0/toolchain/avr8/avr8-gnu-toolchain/bin/../lib/gcc/avr/5.4.0/avr6\libgcc.a(_clear_bss.o)

Memory Configuration

Name             Origin             Length             Attributes
text             0x00000000         0x00100000         xr
data             0x00800200         0x0000fe00         rw !x
eeprom           0x00810000         0x00010000         rw !x
fuse             0x00820000         0x00000003         rw !x
lock             0x00830000         0x00000400         rw !x
signature        0x00840000         0x00000400         rw !x
user_signatures  0x00850000         0x00000400         rw !x
*default*        0x00000000         0xffffffff

Linker script and memory map

Address of section .data set to 0x800200
LOAD E:/Program Files (x86)/Atmel/Studio/7.0/Packs/atmel/ATmega_DFP/1.3.300/gcc/dev/atmega2560/avr6/crtatmega2560.o
LOAD asm_functions.o
LOAD Sketch.o
START GROUP
LOAD e:/program files (x86)/atmel/studio/7.0/toolchain/avr8/avr8-gnu-toolchain/bin/../lib/gcc/avr/5.4.0/../../../../avr/lib/avr6\libm.a
LOAD E:\Users\Victor\Documents\Arduino\DMPLabs\Lab06\CustomStringAsm\CustomStringAsm\ArduinoCore\Debug\libArduinoCore.a
END GROUP
LOAD e:/program files (x86)/atmel/studio/7.0/toolchain/avr8/avr8-gnu-toolchain/bin/../lib/gcc/avr/5.4.0/avr6\libgcc.a
LOAD e:/program files (x86)/atmel/studio/7.0/toolchain/avr8/avr8-gnu-toolchain/bin/../lib/gcc/avr/5.4.0/../../../../avr/lib/avr6\libm.a
START GROUP
LOAD e:/program files (x86)/atmel/studio/7.0/toolchain/avr8/avr8-gnu-toolchain/bin/../lib/gcc/avr/5.4.0/avr6\libgcc.a
LOAD e:/program files (x86)/atmel/studio/7.0/toolchain/avr8/avr8-gnu-toolchain/bin/../lib/gcc/avr/5.4.0/../../../../avr/lib/avr6\libm.a
LOAD e:/program files (x86)/atmel/studio/7.0/toolchain/avr8/avr8-gnu-toolchain/bin/../lib/gcc/avr/5.4.0/../../../../avr/lib/avr6\libc.a
LOAD E:/Program Files (x86)/Atmel/Studio/7.0/Packs/atmel/ATmega_DFP/1.3.300/gcc/dev/atmega2560/avr6\libatmega2560.a
END GROUP
                0x00000000                __TEXT_REGION_ORIGIN__ = DEFINED (__TEXT_REGION_ORIGIN__)?__TEXT_REGION_ORIGIN__:0x0
                0x00800200                __DATA_REGION_ORIGIN__ = DEFINED (__DATA_REGION_ORIGIN__)?__DATA_REGION_ORIGIN__:0x800200
                0x00100000                __TEXT_REGION_LENGTH__ = DEFINED (__TEXT_REGION_LENGTH__)?__TEXT_REGION_LENGTH__:0x100000
                0x0000fe00                __DATA_REGION_LENGTH__ = DEFINED (__DATA_REGION_LENGTH__)?__DATA_REGION_LENGTH__:0xfe00
                0x00010000                __EEPROM_REGION_LENGTH__ = DEFINED (__EEPROM_REGION_LENGTH__)?__EEPROM_REGION_LENGTH__:0x10000
                [0x00000003]                __FUSE_REGION_LENGTH__ = DEFINED (__FUSE_REGION_LENGTH__)?__FUSE_REGION_LENGTH__:0x400
                0x00000400                __LOCK_REGION_LENGTH__ = DEFINED (__LOCK_REGION_LENGTH__)?__LOCK_REGION_LENGTH__:0x400
                0x00000400                __SIGNATURE_REGION_LENGTH__ = DEFINED (__SIGNATURE_REGION_LENGTH__)?__SIGNATURE_REGION_LENGTH__:0x400
                0x00000400                __USER_SIGNATURE_REGION_LENGTH__ = DEFINED (__USER_SIGNATURE_REGION_LENGTH__)?__USER_SIGNATURE_REGION_LENGTH__:0x400

.hash
 *(.hash)

.dynsym
 *(.dynsym)

.dynstr
 *(.dynstr)

.gnu.version
 *(.gnu.version)

.gnu.version_d
 *(.gnu.version_d)

.gnu.version_r
 *(.gnu.version_r)

.rel.init
 *(.rel.init)

.rela.init
 *(.rela.init)

.rel.text
 *(.rel.text)
 *(.rel.text.*)
 *(.rel.gnu.linkonce.t*)

.rela.text
 *(.rela.text)
 *(.rela.text.*)
 *(.rela.gnu.linkonce.t*)

.rel.fini
 *(.rel.fini)

.rela.fini
 *(.rela.fini)

.rel.rodata
 *(.rel.rodata)
 *(.rel.rodata.*)
 *(.rel.gnu.linkonce.r*)

.rela.rodata
 *(.rela.rodata)
 *(.rela.rodata.*)
 *(.rela.gnu.linkonce.r*)

.rel.data
 *(.rel.data)
 *(.rel.data.*)
 *(.rel.gnu.linkonce.d*)

.rela.data
 *(.rela.data)
 *(.rela.data.*)
 *(.rela.gnu.linkonce.d*)

.rel.ctors
 *(.rel.ctors)

.rela.ctors
 *(.rela.ctors)

.rel.dtors
 *(.rel.dtors)

.rela.dtors
 *(.rela.dtors)

.rel.got
 *(.rel.got)

.rela.got
 *(.rela.got)

.rel.bss
 *(.rel.bss)

.rela.bss
 *(.rela.bss)

.rel.plt
 *(.rel.plt)

.rela.plt
 *(.rela.plt)

.text           0x00000000      0x3aa
 *(.vectors)
 .vectors       0x00000000       0xe4 E:/Program Files (x86)/Atmel/Studio/7.0/Packs/atmel/ATmega_DFP/1.3.300/gcc/dev/atmega2560/avr6/crtatmega2560.o
                0x00000000                __vector_default
                0x00000000                __vectors
 *(.vectors)
 *(.progmem.gcc*)
                0x000000e4                . = ALIGN (0x2)
                0x000000e4                __trampolines_start = .
 *(.trampolines)
 .trampolines   0x000000e4        0x0 linker stubs
 *(.trampolines*)
                0x000000e4                __trampolines_end = .
 *libprintf_flt.a:*(.progmem.data)
 *libc.a:*(.progmem.data)
 *(.progmem*)
                0x000000e4                . = ALIGN (0x2)
 *(.jumptables)
 *(.jumptables*)
 *(.lowtext)
 *(.lowtext*)
                0x000000e4                __ctors_start = .
 *(.ctors)
                0x000000e4                __ctors_end = .
                0x000000e4                __dtors_start = .
 *(.dtors)
                0x000000e4                __dtors_end = .
 SORT(*)(.ctors)
 SORT(*)(.dtors)
 *(.init0)
 .init0         0x000000e4        0x0 E:/Program Files (x86)/Atmel/Studio/7.0/Packs/atmel/ATmega_DFP/1.3.300/gcc/dev/atmega2560/avr6/crtatmega2560.o
                0x000000e4                __init
 *(.init0)
 *(.init1)
 *(.init1)
 *(.init2)
 .init2         0x000000e4       0x10 E:/Program Files (x86)/Atmel/Studio/7.0/Packs/atmel/ATmega_DFP/1.3.300/gcc/dev/atmega2560/avr6/crtatmega2560.o
 *(.init2)
 *(.init3)
 *(.init3)
 *(.init4)
 .init4         0x000000f4       0x1a e:/program files (x86)/atmel/studio/7.0/toolchain/avr8/avr8-gnu-toolchain/bin/../lib/gcc/avr/5.4.0/avr6\libgcc.a(_copy_data.o)
                0x000000f4                __do_copy_data
 .init4         0x0000010e       0x10 e:/program files (x86)/atmel/studio/7.0/toolchain/avr8/avr8-gnu-toolchain/bin/../lib/gcc/avr/5.4.0/avr6\libgcc.a(_clear_bss.o)
                0x0000010e                __do_clear_bss
 *(.init4)
 *(.init5)
 *(.init5)
 *(.init6)
 *(.init6)
 *(.init7)
 *(.init7)
 *(.init8)
 *(.init8)
 *(.init9)
 .init9         0x0000011e        0x4 E:/Program Files (x86)/Atmel/Studio/7.0/Packs/atmel/ATmega_DFP/1.3.300/gcc/dev/atmega2560/avr6/crtatmega2560.o
 *(.init9)
 *(.text)
 .text          0x00000122        0x2 E:/Program Files (x86)/Atmel/Studio/7.0/Packs/atmel/ATmega_DFP/1.3.300/gcc/dev/atmega2560/avr6/crtatmega2560.o
                0x00000122                __vector_38
                0x00000122                __vector_22
                0x00000122                __vector_28
                0x00000122                __vector_1
                0x00000122                __vector_32
                0x00000122                __vector_34
                0x00000122                __vector_24
                0x00000122                __vector_12
                0x00000122                __vector_55
                0x00000122                __vector_46
                0x00000122                __bad_interrupt
                0x00000122                __vector_6
                0x00000122                __vector_31
                0x00000122                __vector_35
                0x00000122                __vector_39
                0x00000122                __vector_3
                0x00000122                __vector_30
                0x00000122                __vector_45
                0x00000122                __vector_25
                0x00000122                __vector_11
                0x00000122                __vector_54
                0x00000122                __vector_13
                0x00000122                __vector_17
                0x00000122                __vector_19
                0x00000122                __vector_56
                0x00000122                __vector_7
                0x00000122                __vector_49
                0x00000122                __vector_41
                0x00000122                __vector_43
                0x00000122                __vector_27
                0x00000122                __vector_5
                0x00000122                __vector_33
                0x00000122                __vector_47
                0x00000122                __vector_52
                0x00000122                __vector_37
                0x00000122                __vector_4
                0x00000122                __vector_44
                0x00000122                __vector_51
                0x00000122                __vector_9
                0x00000122                __vector_2
                0x00000122                __vector_21
                0x00000122                __vector_15
                0x00000122                __vector_36
                0x00000122                __vector_29
                0x00000122                __vector_40
                0x00000122                __vector_8
                0x00000122                __vector_26
                0x00000122                __vector_48
                0x00000122                __vector_14
                0x00000122                __vector_53
                0x00000122                __vector_10
                0x00000122                __vector_50
                0x00000122                __vector_16
                0x00000122                __vector_18
                0x00000122                __vector_20
                0x00000122                __vector_42
 .text          0x00000124       0x46 asm_functions.o
                0x00000124                Serial_Setup
                0x0000013e                Print_Hello
                0x0000016a                . = ALIGN (0x2)
 *(.text.*)
 .text.setup    0x0000016a        0x2 Sketch.o
                0x0000016a                setup
 .text.loop     0x0000016c        0xc Sketch.o
                0x0000016c                loop
 .text.initVariant
                0x00000178        0x2 E:\Users\Victor\Documents\Arduino\DMPLabs\Lab06\CustomStringAsm\CustomStringAsm\ArduinoCore\Debug\libArduinoCore.a(main.o)
                0x00000178                initVariant
 .text.startup.main
                0x0000017a       0x16 E:\Users\Victor\Documents\Arduino\DMPLabs\Lab06\CustomStringAsm\CustomStringAsm\ArduinoCore\Debug\libArduinoCore.a(main.o)
                0x0000017a                main
 .text.__vector_23
                0x00000190       0x94 E:\Users\Victor\Documents\Arduino\DMPLabs\Lab06\CustomStringAsm\CustomStringAsm\ArduinoCore\Debug\libArduinoCore.a(wiring.o)
                0x00000190                __vector_23
 .text.micros   0x00000224       0x4a E:\Users\Victor\Documents\Arduino\DMPLabs\Lab06\CustomStringAsm\CustomStringAsm\ArduinoCore\Debug\libArduinoCore.a(wiring.o)
                0x00000224                micros
 .text.delay    0x0000026e       0x72 E:\Users\Victor\Documents\Arduino\DMPLabs\Lab06\CustomStringAsm\CustomStringAsm\ArduinoCore\Debug\libArduinoCore.a(wiring.o)
                0x0000026e                delay
 .text.init     0x000002e0       0xc4 E:\Users\Victor\Documents\Arduino\DMPLabs\Lab06\CustomStringAsm\CustomStringAsm\ArduinoCore\Debug\libArduinoCore.a(wiring.o)
                0x000002e0                init
 .text.__empty  0x000003a4        0x2 E:\Users\Victor\Documents\Arduino\DMPLabs\Lab06\CustomStringAsm\CustomStringAsm\ArduinoCore\Debug\libArduinoCore.a(hooks.o)
                0x000003a4                yield
                0x000003a6                . = ALIGN (0x2)
 *(.fini9)
 .fini9         0x000003a6        0x0 e:/program files (x86)/atmel/studio/7.0/toolchain/avr8/avr8-gnu-toolchain/bin/../lib/gcc/avr/5.4.0/avr6\libgcc.a(_exit.o)
                0x000003a6                _exit
                0x000003a6                exit
 *(.fini9)
 *(.fini8)
 *(.fini8)
 *(.fini7)
 *(.fini7)
 *(.fini6)
 *(.fini6)
 *(.fini5)
 *(.fini5)
 *(.fini4)
 *(.fini4)
 *(.fini3)
 *(.fini3)
 *(.fini2)
 *(.fini2)
 *(.fini1)
 *(.fini1)
 *(.fini0)
 .fini0         0x000003a6        0x4 e:/program files (x86)/atmel/studio/7.0/toolchain/avr8/avr8-gnu-toolchain/bin/../lib/gcc/avr/5.4.0/avr6\libgcc.a(_exit.o)
 *(.fini0)
                0x000003aa                _etext = .

.data           0x00800200        0x8 load address 0x000003aa
                0x00800200                PROVIDE (__data_start, .)
 *(.data)
 *(.data*)
 .data.myarray  0x00800200        0x8 Sketch.o
                0x00800200                myarray
 *(.gnu.linkonce.d*)
 *(.rodata)
 *(.rodata*)
 *(.gnu.linkonce.r*)
                0x00800208                . = ALIGN (0x2)
                0x00800208                _edata = .
                0x00800208                PROVIDE (__data_end, .)

.bss            0x00800208        0x9
                0x00800208                PROVIDE (__bss_start, .)
 *(.bss)
 *(.bss*)
 .bss.timer0_fract
                0x00800208        0x1 E:\Users\Victor\Documents\Arduino\DMPLabs\Lab06\CustomStringAsm\CustomStringAsm\ArduinoCore\Debug\libArduinoCore.a(wiring.o)
 .bss.timer0_millis
                0x00800209        0x4 E:\Users\Victor\Documents\Arduino\DMPLabs\Lab06\CustomStringAsm\CustomStringAsm\ArduinoCore\Debug\libArduinoCore.a(wiring.o)
                0x00800209                timer0_millis
 .bss.timer0_overflow_count
                0x0080020d        0x4 E:\Users\Victor\Documents\Arduino\DMPLabs\Lab06\CustomStringAsm\CustomStringAsm\ArduinoCore\Debug\libArduinoCore.a(wiring.o)
                0x0080020d                timer0_overflow_count
 *(COMMON)
                0x00800211                PROVIDE (__bss_end, .)
                0x000003aa                __data_load_start = LOADADDR (.data)
                0x000003b2                __data_load_end = (__data_load_start + SIZEOF (.data))

.noinit         0x00800211        0x0
                [!provide]                PROVIDE (__noinit_start, .)
 *(.noinit*)
                [!provide]                PROVIDE (__noinit_end, .)
                0x00800211                _end = .
                [!provide]                PROVIDE (__heap_start, .)

.eeprom         0x00810000        0x0
 *(.eeprom*)
                0x00810000                __eeprom_end = .

.fuse
 *(.fuse)
 *(.lfuse)
 *(.hfuse)
 *(.efuse)

.lock
 *(.lock*)

.signature
 *(.signature*)

.user_signatures
 *(.user_signatures*)

.stab
 *(.stab)

.stabstr
 *(.stabstr)

.stab.excl
 *(.stab.excl)

.stab.exclstr
 *(.stab.exclstr)

.stab.index
 *(.stab.index)

.stab.indexstr
 *(.stab.indexstr)

.comment        0x00000000       0x30
 *(.comment)
 .comment       0x00000000       0x30 Sketch.o
                                 0x31 (size before relaxing)
 .comment       0x00000030       0x31 E:\Users\Victor\Documents\Arduino\DMPLabs\Lab06\CustomStringAsm\CustomStringAsm\ArduinoCore\Debug\libArduinoCore.a(main.o)
 .comment       0x00000030       0x31 E:\Users\Victor\Documents\Arduino\DMPLabs\Lab06\CustomStringAsm\CustomStringAsm\ArduinoCore\Debug\libArduinoCore.a(wiring.o)
 .comment       0x00000030       0x31 E:\Users\Victor\Documents\Arduino\DMPLabs\Lab06\CustomStringAsm\CustomStringAsm\ArduinoCore\Debug\libArduinoCore.a(hooks.o)

.note.gnu.avr.deviceinfo
                0x00000000       0x40
 .note.gnu.avr.deviceinfo
                0x00000000       0x40 E:/Program Files (x86)/Atmel/Studio/7.0/Packs/atmel/ATmega_DFP/1.3.300/gcc/dev/atmega2560/avr6/crtatmega2560.o

.note.gnu.build-id
 *(.note.gnu.build-id)

.debug
 *(.debug)

.line
 *(.line)

.debug_srcinfo
 *(.debug_srcinfo)

.debug_sfnames
 *(.debug_sfnames)

.debug_aranges  0x00000000       0xe0
 *(.debug_aranges)
 .debug_aranges
                0x00000000       0x20 asm_functions.o
 .debug_aranges
                0x00000020       0x28 Sketch.o
 .debug_aranges
                0x00000048       0x30 E:\Users\Victor\Documents\Arduino\DMPLabs\Lab06\CustomStringAsm\CustomStringAsm\ArduinoCore\Debug\libArduinoCore.a(main.o)
 .debug_aranges
                0x00000078       0x48 E:\Users\Victor\Documents\Arduino\DMPLabs\Lab06\CustomStringAsm\CustomStringAsm\ArduinoCore\Debug\libArduinoCore.a(wiring.o)
 .debug_aranges
                0x000000c0       0x20 E:\Users\Victor\Documents\Arduino\DMPLabs\Lab06\CustomStringAsm\CustomStringAsm\ArduinoCore\Debug\libArduinoCore.a(hooks.o)

.debug_pubnames
 *(.debug_pubnames)

.debug_info     0x00000000     0x14ce
 *(.debug_info .gnu.linkonce.wi.*)
 .debug_info    0x00000000      0xbbc E:/Program Files (x86)/Atmel/Studio/7.0/Packs/atmel/ATmega_DFP/1.3.300/gcc/dev/atmega2560/avr6/crtatmega2560.o
 .debug_info    0x00000bbc       0xa1 asm_functions.o
 .debug_info    0x00000c5d      0x275 Sketch.o
 .debug_info    0x00000ed2      0x295 E:\Users\Victor\Documents\Arduino\DMPLabs\Lab06\CustomStringAsm\CustomStringAsm\ArduinoCore\Debug\libArduinoCore.a(main.o)
 .debug_info    0x00001167      0x329 E:\Users\Victor\Documents\Arduino\DMPLabs\Lab06\CustomStringAsm\CustomStringAsm\ArduinoCore\Debug\libArduinoCore.a(wiring.o)
 .debug_info    0x00001490       0x3e E:\Users\Victor\Documents\Arduino\DMPLabs\Lab06\CustomStringAsm\CustomStringAsm\ArduinoCore\Debug\libArduinoCore.a(hooks.o)

.debug_abbrev   0x00000000      0xeca
 *(.debug_abbrev)
 .debug_abbrev  0x00000000      0xb1a E:/Program Files (x86)/Atmel/Studio/7.0/Packs/atmel/ATmega_DFP/1.3.300/gcc/dev/atmega2560/avr6/crtatmega2560.o
 .debug_abbrev  0x00000b1a       0x14 asm_functions.o
 .debug_abbrev  0x00000b2e       0xff Sketch.o
 .debug_abbrev  0x00000c2d      0x12d E:\Users\Victor\Documents\Arduino\DMPLabs\Lab06\CustomStringAsm\CustomStringAsm\ArduinoCore\Debug\libArduinoCore.a(main.o)
 .debug_abbrev  0x00000d5a      0x146 E:\Users\Victor\Documents\Arduino\DMPLabs\Lab06\CustomStringAsm\CustomStringAsm\ArduinoCore\Debug\libArduinoCore.a(wiring.o)
 .debug_abbrev  0x00000ea0       0x2a E:\Users\Victor\Documents\Arduino\DMPLabs\Lab06\CustomStringAsm\CustomStringAsm\ArduinoCore\Debug\libArduinoCore.a(hooks.o)

.debug_line     0x00000000      0x84f
 *(.debug_line .debug_line.* .debug_line_end)
 .debug_line    0x00000000      0x1f9 E:/Program Files (x86)/Atmel/Studio/7.0/Packs/atmel/ATmega_DFP/1.3.300/gcc/dev/atmega2560/avr6/crtatmega2560.o
 .debug_line    0x000001f9       0xb4 asm_functions.o
 .debug_line    0x000002ad      0x135 Sketch.o
 .debug_line    0x000003e2      0x161 E:\Users\Victor\Documents\Arduino\DMPLabs\Lab06\CustomStringAsm\CustomStringAsm\ArduinoCore\Debug\libArduinoCore.a(main.o)
 .debug_line    0x00000543      0x2cb E:\Users\Victor\Documents\Arduino\DMPLabs\Lab06\CustomStringAsm\CustomStringAsm\ArduinoCore\Debug\libArduinoCore.a(wiring.o)
 .debug_line    0x0000080e       0x41 E:\Users\Victor\Documents\Arduino\DMPLabs\Lab06\CustomStringAsm\CustomStringAsm\ArduinoCore\Debug\libArduinoCore.a(hooks.o)

.debug_frame    0x00000000      0x170
 *(.debug_frame)
 .debug_frame   0x00000000       0x34 Sketch.o
 .debug_frame   0x00000034       0x54 E:\Users\Victor\Documents\Arduino\DMPLabs\Lab06\CustomStringAsm\CustomStringAsm\ArduinoCore\Debug\libArduinoCore.a(main.o)
 .debug_frame   0x00000088       0xc4 E:\Users\Victor\Documents\Arduino\DMPLabs\Lab06\CustomStringAsm\CustomStringAsm\ArduinoCore\Debug\libArduinoCore.a(wiring.o)
 .debug_frame   0x0000014c       0x24 E:\Users\Victor\Documents\Arduino\DMPLabs\Lab06\CustomStringAsm\CustomStringAsm\ArduinoCore\Debug\libArduinoCore.a(hooks.o)

.debug_str      0x00000000      0x89e
 *(.debug_str)
 .debug_str     0x00000000      0x3e6 E:/Program Files (x86)/Atmel/Studio/7.0/Packs/atmel/ATmega_DFP/1.3.300/gcc/dev/atmega2560/avr6/crtatmega2560.o
 .debug_str     0x000003e6      0x26e Sketch.o
                                0x2ae (size before relaxing)
 .debug_str     0x00000654       0xc1 E:\Users\Victor\Documents\Arduino\DMPLabs\Lab06\CustomStringAsm\CustomStringAsm\ArduinoCore\Debug\libArduinoCore.a(main.o)
                                0x2c9 (size before relaxing)
 .debug_str     0x00000715      0x16d E:\Users\Victor\Documents\Arduino\DMPLabs\Lab06\CustomStringAsm\CustomStringAsm\ArduinoCore\Debug\libArduinoCore.a(wiring.o)
                                0x25f (size before relaxing)
 .debug_str     0x00000882       0x1c E:\Users\Victor\Documents\Arduino\DMPLabs\Lab06\CustomStringAsm\CustomStringAsm\ArduinoCore\Debug\libArduinoCore.a(hooks.o)
                                0x154 (size before relaxing)

.debug_loc      0x00000000      0x28d
 *(.debug_loc)
 .debug_loc     0x00000000      0x28d E:\Users\Victor\Documents\Arduino\DMPLabs\Lab06\CustomStringAsm\CustomStringAsm\ArduinoCore\Debug\libArduinoCore.a(wiring.o)

.debug_macinfo
 *(.debug_macinfo)

.debug_weaknames
 *(.debug_weaknames)

.debug_funcnames
 *(.debug_funcnames)

.debug_typenames
 *(.debug_typenames)

.debug_varnames
 *(.debug_varnames)

.debug_pubtypes
 *(.debug_pubtypes)

.debug_ranges   0x00000000       0x80
 *(.debug_ranges)
 .debug_ranges  0x00000000       0x18 Sketch.o
 .debug_ranges  0x00000018       0x20 E:\Users\Victor\Documents\Arduino\DMPLabs\Lab06\CustomStringAsm\CustomStringAsm\ArduinoCore\Debug\libArduinoCore.a(main.o)
 .debug_ranges  0x00000038       0x38 E:\Users\Victor\Documents\Arduino\DMPLabs\Lab06\CustomStringAsm\CustomStringAsm\ArduinoCore\Debug\libArduinoCore.a(wiring.o)
 .debug_ranges  0x00000070       0x10 E:\Users\Victor\Documents\Arduino\DMPLabs\Lab06\CustomStringAsm\CustomStringAsm\ArduinoCore\Debug\libArduinoCore.a(hooks.o)

.debug_macro
 *(.debug_macro)
OUTPUT(asmConsoleHello.elf elf32-avr)
LOAD linker stubs
